[2025-04-10 13:46:05] test_func - ОШИБКА
Аргументы: args=(), kwargs={}
Тип ошибки: TypeError
Сообщение: test_func() missing 1 required positional argument: 'a'
--------------------------------------------------
[2025-04-10 13:46:05] test_func - УСПЕХ
Аргументы: args=(5,), kwargs={'b': 2}
Результат: 10
Время выполнения: 0.0000 сек
--------------------------------------------------
[2025-04-10 13:46:05] test_func - УСПЕХ
Аргументы: args=(3,), kwargs={}
Результат: 3
Время выполнения: 0.0000 сек
--------------------------------------------------
[2025-04-10 13:46:12] test_func - ОШИБКА
Аргументы: args=(), kwargs={}
Тип ошибки: TypeError
Сообщение: test_func() missing 1 required positional argument: 'a'
--------------------------------------------------
[2025-04-10 13:46:12] test_func - УСПЕХ
Аргументы: args=(5,), kwargs={'b': 2}
Результат: 10
Время выполнения: 0.0000 сек
--------------------------------------------------
[2025-04-10 13:46:12] test_func - УСПЕХ
Аргументы: args=(3,), kwargs={}
Результат: 3
Время выполнения: 0.0000 сек
--------------------------------------------------
